2026-03-06 12:39:32 pid:1 Workerman[console] start in DEBUG mode
2026-03-06 12:48:39 pid:1 Workerman[console] received signal SIGQUIT
2026-03-06 12:48:39 pid:1 Workerman[console] stopping
2026-03-06 15:16:54 pid:1 Workerman[console] start in DEBUG mode
2026-03-06 15:16:54 pid:1 Master pid:1 is not alive
2026-03-06 20:04:53 pid:1 Workerman[console] received signal SIGQUIT
2026-03-06 20:04:53 pid:1 Workerman[console] stopping
2026-03-06 20:06:45 pid:1 Workerman[console] start in DEBUG mode
2026-03-06 20:06:45 pid:1 Master pid:1 is not alive
2026-03-06 20:08:30 pid:1 Workerman[console] received signal SIGQUIT
2026-03-06 20:08:30 pid:1 Workerman[console] stopping
2026-03-06 20:13:06 pid:1 Workerman[console] start in DEBUG mode
2026-03-06 20:13:06 pid:1 Master pid:1 is not alive
2026-03-06 20:22:15 pid:1 Workerman[console] received signal SIGQUIT
2026-03-06 20:22:15 pid:1 Workerman[console] stopping
2026-03-06 20:22:30 pid:1 Workerman[console] start in DEBUG mode
2026-03-06 20:22:30 pid:1 Master pid:1 is not alive
2026-03-06 20:22:53 pid:1 Workerman[console] received signal SIGQUIT
2026-03-06 20:22:53 pid:1 Workerman[console] stopping
2026-03-06 20:23:16 pid:1 Workerman[console] start in DEBUG mode
2026-03-06 20:23:16 pid:1 Master pid:1 is not alive
2026-03-06 21:54:21 pid:1 Workerman[console] received signal SIGQUIT
2026-03-06 21:54:21 pid:1 Workerman[console] stopping
2026-03-06 21:54:30 pid:1 Workerman[console] start in DEBUG mode
2026-03-06 21:54:30 pid:1 Master pid:1 is not alive
2026-03-06 22:04:16 pid:1 Workerman[console] received signal SIGQUIT
2026-03-06 22:04:16 pid:1 Workerman[console] stopping
2026-03-06 22:04:21 pid:1 Workerman[console] start in DEBUG mode
2026-03-06 22:04:21 pid:1 Master pid:1 is not alive
2026-03-07 00:53:06 pid:1 Workerman[console] received signal SIGQUIT
2026-03-07 00:53:06 pid:1 Workerman[console] stopping
2026-03-07 01:05:25 pid:1 Workerman[console] start in DEBUG mode
2026-03-07 01:05:25 pid:1 Master pid:1 is not alive
2026-03-07 01:05:30 pid:1 Workerman[console] received signal SIGQUIT
2026-03-07 01:05:30 pid:1 Workerman[console] stopping
2026-03-07 01:07:46 pid:1 Workerman[console] start in DEBUG mode
2026-03-07 01:07:46 pid:1 Master pid:1 is not alive
2026-03-07 01:08:34 pid:1 Workerman[console] received signal SIGQUIT
2026-03-07 01:08:34 pid:1 Workerman[console] stopping
2026-03-07 01:08:36 pid:9 worker[9] remains 1 connection(s)
2026-03-07 01:08:36 pid:10 worker[10] remains 1 connection(s)
2026-03-07 01:08:36 pid:12 worker[12] remains 1 connection(s)
2026-03-07 01:08:36 pid:11 worker[11] remains 1 connection(s)
2026-03-07 01:08:36 pid:9 worker[9] remains 0 connection(s)
2026-03-07 01:08:36 pid:11 worker[11] remains 0 connection(s)
2026-03-07 01:08:36 pid:10 worker[10] remains 0 connection(s)
2026-03-07 01:08:36 pid:12 worker[12] remains 0 connection(s)
2026-03-07 01:08:39 pid:1 Workerman[console] start in DEBUG mode
2026-03-07 01:08:39 pid:1 Master pid:1 is not alive
2026-03-07 01:18:44 pid:1 Workerman[console] received signal SIGQUIT
2026-03-07 01:18:44 pid:1 Workerman[console] stopping
2026-03-07 12:20:46 pid:1 Workerman[console] start in DEBUG mode
2026-03-07 12:20:46 pid:1 Master pid:1 is not alive
2026-03-07 12:21:49 pid:1 Workerman[console] received signal SIGQUIT
2026-03-07 12:21:49 pid:1 Workerman[console] stopping
2026-03-07 12:30:46 pid:1 Workerman[console] start in DEBUG mode
2026-03-07 12:30:46 pid:1 Master pid:1 is not alive
2026-03-07 12:30:52 pid:1 Workerman[console] received signal SIGQUIT
2026-03-07 12:30:52 pid:1 Workerman[console] stopping
2026-03-07 12:42:55 pid:1 Workerman[console] start in DEBUG mode
2026-03-07 12:42:55 pid:1 Master pid:1 is not alive
2026-03-07 12:43:09 pid:1 Workerman[console] received signal SIGQUIT
2026-03-07 12:43:09 pid:1 Workerman[console] stopping
2026-03-07 12:47:08 pid:1 Workerman[console] start in DEBUG mode
2026-03-07 12:47:08 pid:1 Master pid:1 is not alive
2026-03-07 12:47:14 pid:1 Workerman[console] received signal SIGQUIT
2026-03-07 12:47:14 pid:1 Workerman[console] stopping
2026-03-07 12:48:02 pid:1 Workerman[console] start in DEBUG mode
2026-03-07 12:48:02 pid:1 Master pid:1 is not alive
2026-03-07 12:48:25 pid:1 Workerman[console] received signal SIGQUIT
2026-03-07 12:48:25 pid:1 Workerman[console] stopping
2026-03-07 12:49:13 pid:1 Workerman[console] start in DEBUG mode
2026-03-07 12:49:13 pid:1 Master pid:1 is not alive
2026-03-07 12:50:25 pid:1 Workerman[console] received signal SIGQUIT
2026-03-07 12:50:25 pid:1 Workerman[console] stopping
2026-03-07 12:50:38 pid:1 Workerman[console] start in DEBUG mode
2026-03-07 12:50:38 pid:1 Master pid:1 is not alive
2026-03-07 12:51:32 pid:1 Workerman[console] received signal SIGQUIT
2026-03-07 12:51:32 pid:1 Workerman[console] stopping
2026-03-07 19:51:24 pid:1 Workerman[console] start in DEBUG mode
2026-03-07 19:51:24 pid:1 Master pid:1 is not alive
2026-03-07 20:00:15 pid:1 Workerman[console] received signal SIGQUIT
2026-03-07 20:00:15 pid:1 Workerman[console] stopping
2026-03-07 20:00:17 pid:11 worker[11] remains 2 connection(s)
2026-03-07 20:00:17 pid:9 worker[9] remains 1 connection(s)
2026-03-07 20:00:17 pid:10 worker[10] remains 1 connection(s)
2026-03-07 20:00:17 pid:12 worker[12] remains 1 connection(s)
2026-03-07 20:00:17 pid:9 worker[9] remains 0 connection(s)
2026-03-07 20:00:17 pid:10 worker[10] remains 0 connection(s)
2026-03-07 20:00:17 pid:12 worker[12] remains 0 connection(s)
2026-03-07 20:00:17 pid:11 worker[11] remains 1 connection(s)
2026-03-07 20:00:20 pid:1 Workerman[console] start in DEBUG mode
2026-03-07 20:00:20 pid:1 Master pid:1 is not alive
2026-03-07 20:06:21 pid:1 Workerman[console] received signal SIGQUIT
2026-03-07 20:06:21 pid:1 Workerman[console] stopping
2026-03-07 20:06:27 pid:1 Workerman[console] start in DEBUG mode
2026-03-07 20:06:27 pid:1 Master pid:1 is not alive
2026-03-07 20:38:40 pid:1 Workerman[console] received signal SIGQUIT
2026-03-07 20:38:40 pid:1 Workerman[console] stopping
2026-03-07 20:39:46 pid:1 Workerman[console] start in DEBUG mode
2026-03-07 20:39:46 pid:1 Master pid:1 is not alive
2026-03-07 20:43:27 pid:1 Workerman[console] received signal SIGQUIT
2026-03-07 20:43:27 pid:1 Workerman[console] stopping
2026-03-07 20:43:36 pid:1 Workerman[console] start in DEBUG mode
2026-03-07 20:43:36 pid:1 Master pid:1 is not alive
2026-03-07 20:43:44 pid:1 Workerman[console] received signal SIGQUIT
2026-03-07 20:43:44 pid:1 Workerman[console] stopping
2026-03-07 20:44:02 pid:1 Workerman[console] start in DEBUG mode
2026-03-07 20:44:02 pid:1 Master pid:1 is not alive
2026-03-07 20:54:26 pid:1 Workerman[console] received signal SIGQUIT
2026-03-07 20:54:26 pid:1 Workerman[console] stopping
2026-03-07 20:54:31 pid:1 Workerman[console] start in DEBUG mode
2026-03-07 20:54:31 pid:1 Master pid:1 is not alive
